src/components/layout/TopNav.tsx(6,9): error TS6133: 'navigate' is declared but its value is never read.
src/pages/Module1/ProjectSettings.tsx(6,9): error TS6133: 'navigate' is declared but its value is never read.
src/pages/Module1/ProjectSettings.tsx(18,19): error TS6133: 'data' is declared but its value is never read.
src/pages/Module2/TimeTracker.tsx(6,21): error TS6133: 'data' is declared but its value is never read.
src/pages/Module3/ContributionTable.tsx(28,10): error TS6133: 'highlighted' is declared but its value is never read.
src/pages/Module3/EngagementDashboard.tsx(1,85): error TS6133: 'BarChart2' is declared but its value is never read.
src/pages/Module3/EngagementDashboard.tsx(28,58): error TS6133: 'i' is declared but its value is never read.
src/pages/Module3/FairnessAnalytics.tsx(1,23): error TS6133: 'TrendingUp' is declared but its value is never read.
src/pages/Module3/FairnessAnalytics.tsx(1,35): error TS6133: 'TrendingDown' is declared but its value is never read.
src/pages/Module3/FairnessAnalytics.tsx(1,49): error TS6133: 'AlertTriangle' is declared but its value is never read.
src/pages/Module3/FairnessAnalytics.tsx(14,9): error TS6133: 'bg' is declared but its value is never read.
src/pages/Module3/LecturerReview.tsx(4,23): error TS6133: 'Clock' is declared but its value is never read.
src/pages/Module3/LecturerReview.tsx(4,81): error TS6133: 'Users' is declared but its value is never read.
src/pages/Module4/FileComments.tsx(21,11): error TS6133: 'id' is declared but its value is never read.
src/pages/Module4/SubmissionReview.tsx(29,9): error TS6133: 'navigate' is declared but its value is never read.
src/pages/Module4/SubmissionStation.tsx(6,46): error TS6133: 'errors' is declared but its value is never read.
src/pages/Module4/SubmissionStation.tsx(13,21): error TS6133: 'data' is declared but its value is never read.
